// Vitest Snapshot v1, https://vitest.dev/guide/snapshot.html

exports[`esroll integration test > should bundle a TypeScript file 1`] = `
"// sample.ts
var greet = (() => "Hello, world!");

export { greet };
//# sourceMappingURL=sample.js.map
"
`;

exports[`esroll integration test > should bundle a TypeScript file 2`] = `"{"version":3,"file":"sample.js","sources":["../../sample.ts"],"names":[],"mappings":";AAAO,IAAM,SAAS,MAAM,eAAA;;;;"}"`;
